// Jest Snapshot v1, https://goo.gl/fbAQLP

exports[`@gilbarbara/hooks should have all exports 1`] = `
Array [
  "useScript",
  "useThrottle",
  "useThrottleValue",
  "useWhyDidYouUpdate",
]
`;
