// Jest Snapshot v1, https://goo.gl/fbAQLP

exports[`useSingleton should call the singleton just once 1`] = `
<button
  type="button"
>
  Count: 
  4
</button>
`;
