// Jest Snapshot v1, https://goo.gl/fbAQLP

exports[`useWhyDidYouUpdate should show the changes 1`] = `<div />`;

exports[`useWhyDidYouUpdate should show the changes 2`] = `
<div>
  {
  "ham": {
    "from": 1,
    "to": 2
  }
}
</div>
`;

exports[`useWhyDidYouUpdate should show the changes 3`] = `<div />`;
