// Vitest Snapshot v1, https://vitest.dev/guide/snapshot.html

exports[`useLocalStorage-ssr > should return the initial value 1`] = `"<div>foo</div>"`;
