// Jest Snapshot v1, https://goo.gl/fbAQLP

exports[`useMediaQuery-ssr should return a boolean 1`] = `
<div>
  false
</div>
`;
