// Jest Snapshot v1, https://goo.gl/fbAQLP

exports[`useMergeRefs should merge the refs refs 1`] = `<div />`;
