// Jest Snapshot v1, https://goo.gl/fbAQLP

exports[`useResizeObserver-ssr should work without a DOM 1`] = `
<div>
</div>
`;
