// Vitest Snapshot v1, https://vitest.dev/guide/snapshot.html

exports[`useSingleton > should call the singleton just once 1`] = `
<button
  type="button"
>
  Count: 
  4
</button>
`;
